// Jest Snapshot v1, https://goo.gl/fbAQLP

exports[`Button it should match snapshot 1`] = `
<DocumentFragment>
  <div
    class="css-1px0wn7-Section eui42cl3"
  >
    <div
      class="css-16xtfp9-SelectionSection eui42cl2"
    >
      <label>
        packing-size
      </label>
      <select
        class="css-12mkdmf-Select eui42cl1"
        name="ages"
      >
        <option
          data-testid="select-option"
          disabled=""
          selected=""
          value="sizes"
        >
          sizes
        </option>
        <option
          data-testid="select-option-3kg"
          label="3kg"
          value="0"
        >
          3kg
        </option>
        <option
          data-testid="select-option-10kg"
          label="10kg"
          value="1"
        >
          10kg
        </option>
        <option
          data-testid="select-option-20kg"
          label="20kg"
          value="2"
        >
          20kg
        </option>
      </select>
      <form
        name="quantity"
      >
        <input
          class="css-1xpb5t7-Input eui42cl0"
          disabled=""
          min="1"
          name="quantity"
          type="number"
        />
        <label
          data-testid="select-option"
          for="quantity"
        >
          (unit)
        </label>
      </form>
      <button
        class="css-hhtkyx-Button enhitpr0"
        name="button"
        type="button"
      >
        <a
          href="/checkout"
        >
          kart
        </a>
      </button>
    </div>
  </div>
</DocumentFragment>
`;
