// Jest Snapshot v1, https://goo.gl/fbAQLP

exports[`Button it should match snapshot 1`] = `
<DocumentFragment>
  <div
    class="css-1px0wn7-Section eui42cl2"
  >
    <div
      class="css-1l33m80-SelectionSection eui42cl1"
    >
      <label>
        packing-size:
      </label>
      <select
        class="css-1nbhqyd-Select eui42cl0"
        name="ages"
      >
        <option
          data-testid="select-option"
          disabled=""
          selected=""
          value="sizes"
        >
          sizes
        </option>
        <option
          data-testid="select-option-3kg"
          label="3kg"
          value="0"
        >
          3kg
        </option>
        <option
          data-testid="select-option-10kg"
          label="10kg"
          value="1"
        >
          10kg
        </option>
        <option
          data-testid="select-option-20kg"
          label="20kg"
          value="2"
        >
          20kg
        </option>
      </select>
    </div>
  </div>
</DocumentFragment>
`;
